%!Adobe-FontList 1.14
%Locale:0xc0a

%BeginFont
Handler:DirectoryHandler
FontType:TrueType
FontName:Baskerville-Normal
FamilyName:Baskerville
StyleName:Normal
FullName:Baskerville-Normal
MenuName:Baskerville
StyleBits:0
WritingScript:Roman
OutlineFileName:C:\Users\Rodry\Desktop\RODesigns\Alexandra website\Font\baskvl.ttf
DataFormat:sfntData
FileLength:30764
FileModTime:1313071358
WeightClass:400
WidthClass:5
AngleClass:0
%EndFont

%BeginFont
Handler:DirectoryHandler
FontType:Type1
FontName:NotCourierSans-Bold
FamilyName:NotCourierSans
StyleName:Bold
FullName:NotCourierSans
MenuName:NotCourierSans
StyleBits:2
WritingScript:Roman
OutlineFileName:C:\Users\Rodry\Desktop\RODesigns\Alexandra website\Font\NotCourierSans-Bold.otf
DataFormat:sfntData
UsesStandardEncoding:yes
isCFF:yes
FileLength:59740
FileModTime:1370347872
WeightClass:700
WidthClass:5
AngleClass:0
%EndFont

%BeginFont
Handler:DirectoryHandler
FontType:Type1
FontName:NotCourierSans
FamilyName:NotCourierSans
StyleName:Regular
FullName:NotCourier
MenuName:NotCourierSans
StyleBits:0
WritingScript:Roman
OutlineFileName:C:\Users\Rodry\Desktop\RODesigns\Alexandra website\Font\NotCourierSans.otf
DataFormat:sfntData
UsesStandardEncoding:yes
isCFF:yes
FileLength:58084
FileModTime:1370347872
WeightClass:400
WidthClass:5
AngleClass:0
%EndFont

